
[1m[46m RUN [49m[22m [36mv4.0.17 [39m[90mD:/Nextjs/doctor-system[39m

[90mstdout[2m | tests/ui/PatientProfile.test.tsx[2m > [22m[2mPatientProfile[2m > [22m[2mformats the date of birth correctly
[22m[39m[36m<body>[39m
  [36m<div>[39m
    [36m<div[39m
      [33mclass[39m=[32m"bg-card text-card-foreground flex flex-col gap-6 rounded-xl border py-6 h-full border-border/50 shadow-sm"[39m
      [33mdata-slot[39m=[32m"card"[39m
    [36m>[39m
      [36m<div[39m
        [33mclass[39m=[32m"@container/card-header auto-rows-min grid-rows-[auto_auto] px-6 has-data-[slot=card-action]:grid-cols-[1fr_auto] [.border-b]:pb-6 flex flex-row items-center gap-4 pb-2"[39m
        [33mdata-slot[39m=[32m"card-header"[39m
      [36m>[39m
        [36m<span[39m
          [33mclass[39m=[32m"relative flex size-8 shrink-0 overflow-hidden rounded-full h-20 w-20 border-2 border-primary/10"[39m
          [33mdata-slot[39m=[32m"avatar"[39m
        [36m>[39m
          [36m<span[39m
            [33mclass[39m=[32m"flex size-full items-center justify-center rounded-full text-xl bg-primary/5 text-primary"[39m
            [33mdata-slot[39m=[32m"avatar-fallback"[39m
          [36m>[39m
            [0mJP[0m
          [36m</span>[39m
        [36m</span>[39m
        [36m<div[39m
          [33mclass[39m=[32m"flex flex-col"[39m
        [36m>[39m
          [36m<div[39m
            [33mclass[39m=[32m"font-semibold text-2xl"[39m
            [33mdata-slot[39m=[32m"card-title"[39m
          [36m>[39m
            [0mJuan P├®rez[0m
          [36m</div>[39m
          [36m<div[39m
            [33mclass[39m=[32m"text-muted-foreground text-sm flex gap-2 mt-1"[39m
            [33mdata-slot[39m=[32m"card-description"[39m
          [36m>[39m
            [36m<span[39m
              [33mclass[39m=[32m"inline-flex items-center justify-center rounded-full border px-2 py-0.5 text-xs w-fit whitespace-nowrap shrink-0 [&>svg]:size-3 gap-1 [&>svg]:pointer-events-none focus-visible:border-ring focus-visible:ring-ring/50 focus-visible:ring-[3px] aria-invalid:ring-destructive/20 dark:aria-invalid:ring-destructive/40 aria-invalid:border-destructive transition-[color,box-shadow] overflow-hidden border-transparent bg-secondary text-secondary-foreground [a&]:hover:bg-secondary/90 font-normal"[39m
              [33mdata-slot[39m=[32m"badge"[39m
            [36m>[39m
              [0mPaciente[0m
            [36m</span>[39m
            [36m<span[39m
              [33mclass[39m=[32m"justify-center rounded-full border px-2 py-0.5 text-xs w-fit whitespace-nowrap shrink-0 [&>svg]:size-3 [&>svg]:pointer-events-none focus-visible:border-ring focus-visible:ring-ring/50 focus-visible:ring-[3px] aria-invalid:ring-destructive/20 dark:aria-invalid:ring-destructive/40 aria-invalid:border-destructive transition-[color,box-shadow] overflow-hidden text-foreground [a&]:hover:bg-accent [a&]:hover:text-accent-foreground flex gap-1 items-center font-normal"[39m
              [33mdata-slot[39m=[32m"badge"[39m
            [36m>[39m
              [36m<svg[39m
                [33maria-hidden[39m=[32m"true"[39m
                [33mclass[39m=[32m"lucide lucide-droplets w-3 h-3 text-red-500"[39m
                [33mfill[39m=[32m"none"[39m
                [33mheight[39m=[32m"24"[39m
                [33mstroke[39m=[32m"currentColor"[39m
                [33mstroke-linecap[39m=[32m"round"[39m
                [33mstroke-linejoin[39m=[32m"round"[39m
                [33mstroke-width[39m=[32m"2"[39m
                [33mviewBox[39m=[32m"0 0 24 24"[39m
                [33mwidth[39m=[32m"24"[39m
                [33mxmlns[39m=[32m"http://www.w3.org/2000/svg"[39m
              [36m>[39m
                [36m<path[39m
                  [33md[39m=[32m"M7 16.3c2.2 0 4-1.83 4-4.05 0-1.16-.57-2.26-1.71-3.19S7.29 6.75 7 5.3c-.29 1.45-1.14 2.84-2.29 3.76S3 11.1 3 12.25c0 2.22 1.8 4.05 4 4.05z"[39m
                [36m/>[39m
                [36m<path[39m
                  [33md[39m=[32m"M12.56 6.6A10.97 10.97 0 0 0 14 3.02c.5 2.5 2 4.9 4 6.5s3 3.5 3 5.5a6.98 6.98 0 0 1-11.91 4.97"[39m
                [36m/>[39m
              [36m</svg>[39m
              [0mO+[0m
            [36m</span>[39m
          [36m</div>[39m
        [36m</div>[39m
      [36m</div>[39m
      [36m<div[39m
        [33mclass[39m=[32m"px-6 space-y-6 pt-4"[39m
        [33mdata-slot[39m=[32m"card-content"[39m
      [36m>[39m
        [36m<div[39m
          [33mclass[39m=[32m"grid grid-cols-1 sm:grid-cols-2 lg:grid-cols-1 gap-4"[39m
        [36m>[39m
          [36m<div[39m
            [33mclass[39m=[32m"flex items-start gap-3 group"[39m
          [36m>[39m
            [36m<div[39m
              [33mclass[39m=[32m"p-2 rounded-md bg-muted group-hover:bg-primary/10 group-hover:text-primary transition-colors"[39m
            [36m>[39m
              [36m<svg[39m
                [33maria-hidden[39m=[32m"true"[39m
                [33mclass[39m=[32m"lucide lucide-mail w-4 h-4"[39m
                [33mfill[39m=[32m"none"[39m
                [33mheight[39m=[32m"24"[39m
                [33mstroke[39m=[32m"currentColor"[39m
                [33mstroke-linecap[39m=[32m"round"[39m
                [33mstroke-linejoin[39m=[32m"round"[39m
                [33mstroke-width[39m=[32m"2"[39m
                [33mviewBox[39m=[32m"0 0 24 24"[39m
                [33mwidth[39m=[32m"24"[39m
                [33mxmlns[39m=[32m"http://www.w3.org/2000/svg"[39m
              [36m>[39m
                [36m<path[39m
                  [33md[39m=[32m"m22 7-8.991 5.727a2 2 0 0 1-2.009 0L2 7"[39m
                [36m/>[39m
                [36m<rect[39m
                  [33mheight[39m=[32m"16"[39m
                  [33mrx[39m=[32m"2"[39m
                  [33mwidth[39m=[32m"20"[39m
                  [33mx[39m=[32m"2"[39m
                  [33my[39m=[32m"4"[39m
                [36m/>[39m
              [36m</svg>[39m
            [36m</div>[39m
            [36m<div>[39m
              [36m<p[39m
                [33mclass[39m=[32m"text-xs font-medium text-muted-foreground uppercase tracking-wider"[39m
              [36m>[39m
                [0mCorreo[0m
              [36m</p>[39m
              [36m<p[39m
                [33mclass[39m=[32m"text-sm font-semibold"[39m
              [36m>[39m
                [0mjuan@example.com[0m
              [36m</p>[39m
            [36m</div>[39m
          [36m</div>[39m
          [36m<div[39m
            [33mclass[39m=[32m"flex items-start gap-3 group"[39m
          [36m>[39m
            [36m<div[39m
              [33mclass[39m=[32m"p-2 rounded-md bg-muted group-hover:bg-primary/10 group-hover:text-primary transition-colors"[39m
            [36m>[39m
              [36m<svg[39m
                [33maria-hidden[39m=[32m"true"[39m
                [33mclass[39m=[32m"lucide lucide-phone w-4 h-4"[39m
                [33mfill[39m=[32m"none"[39m
                [33mheight[39m=[32m"24"[39m
                [33mstroke[39m=[32m"currentColor"[39m
                [33mstroke-linecap[39m=[32m"round"[39m
                [33mstroke-linejoin[39m=[32m"round"[39m
                [33mstroke-width[39m=[32m"2"[39m
                [33mviewBox[39m=[32m"0 0 24 24"[39m
                [33mwidth[39m=[32m"24"[39m
                [33mxmlns[39m=[32m"http://www.w3.org/2000/svg"[39m
              [36m>[39m
                [36m<path[39m
                  [33md[39m=[32m"M13.832 16.568a1 1 0 0 0 1.213-.303l.355-.465A2 2 0 0 1 17 15h3a2 2 0 0 1 2 2v3a2 2 0 0 1-2 2A18 18 0 0 1 2 4a2 2 0 0 1 2-2h3a2 2 0 0 1 2 2v3a2 2 0 0 1-.8 1.6l-.468.351a1 1 0 0 0-.292 1.233 14 14 0 0 0 6.392 6.384"[39m
                [36m/>[39m
              [36m</svg>[39m
            [36m</div>[39m
            [36m<div>[39m
              [36m<p[39m
                [33mclass[39m=[32m"text-xs font-medium text-muted-foreground uppercase tracking-wider"[39m
              [36m>[39m
                [0mTel├®fono[0m
              [36m</p>[39m
              [36m<p[39m
                [33mclass[39m=[32m"text-sm font-semibold"[39m
              [36m>[39m
                [0m123456789[0m
              [36m</p>[39m
            [36m</div>[39m
          [36m</div>[39m
          [36m<div[39m
            [33mclass[39m=[32m"flex items-start gap-3 group"[39m
          [36m>[39m
            [36m<div[39m
              [33mclass[39m=[32m"p-2 rounded-md bg-muted group-hover:bg-primary/10 group-hover:text-primary transition-colors"[39m
            [36m>[39m
              [36m<svg[39m
                [33maria-hidden[39m=[32m"true"[39m
                [33mclass[39m=[32m"lucide lucide-calendar w-4 h-4"[39m
                [33mfill[39m=[32m"none"[39m
                [33mheight[39m=[32m"24"[39m
                [33mstroke[39m=[32m"currentColor"[39m
                [33mstroke-linecap[39m=[32m"round"[39m
                [33mstroke-linejoin[39m=[32m"round"[39m
                [33mstroke-width[39m=[32m"2"[39m
                [33mviewBox[39m=[32m"0 0 24 24"[39m
                [33mwidth[39m=[32m"24"[39m
                [33mxmlns[39m=[32m"http://www.w3.org/2000/svg"[39m
              [36m>[39m
                [36m<path[39m
                  [33md[39m=[32m"M8 2v4"[39m
                [36m/>[39m
                [36m<path[39m
                  [33md[39m=[32m"M16 2v4"[39m
                [36m/>[39m
                [36m<rect[39m
                  [33mheight[39m=[32m"18"[39m
                  [33mrx[39m=[32m"2"[39m
                  [33mwidth[39m=[32m"18"[39m
                  [33mx[39m=[32m"3"[39m
                  [33my[39m=[32m"4"[39m
                [36m/>[39m
                [36m<path[39m
                  [33md[39m=[32m"M3 10h18"[39m
                [36m/>[39m
              [36m</svg>[39m
            [36m</div>[39m
            [36m<div>[39m
              [36m<p[39m
                [33mclass[39m=[32m"text-xs font-medium text-muted-foreground uppercase tracking-wider"[39m
              [36m>[39m
                [0mFecha de Nacimiento[0m
              [36m</p>[39m
              [36m<p[39m
                [33mclass[39m=[32m"text-sm font-semibold"[39m
              [36m>[39m
                [0m1 de enero de 1990[0m
              [36m</p>[39m
            [36m</div>[39m
          [36m</div>[39m
          [36m<div[39m
            [33mclass[39m=[32m"flex items-start gap-3 group"[39m
          [36m>[39m
            [36m<div[39m
              [33mclass[39m=[32m"p-2 rounded-md bg-muted group-hover:bg-primary/10 group-hover:text-primary transition-colors"[39m
            [36m>[39m
              [36m<svg[39m
                [33maria-hidden[39m=[32m"true"[39m
                [33mclass[39m=[32m"lucide lucide-map-pin w-4 h-4"[39m
                [33mfill[39m=[32m"none"[39m
                [33mheight[39m=[32m"24"[39m
                [33mstroke[39m=[32m"currentColor"[39m
                [33mstroke-linecap[39m=[32m"round"[39m
                [33mstroke-linejoin[39m=[32m"round"[39m
                [33mstroke-width[39m=[32m"2"[39m
                [33mviewBox[39m=[32m"0 0 24 24"[39m
                [33mwidth[39m=[32m"24"[39m
                [33mxmlns[39m=[32m"http://www.w3.org/2000/svg"[39m
              [36m>[39m
                [36m<path[39m
                  [33md[39m=[32m"M20 10c0 4.993-5.539 10.193-7.399 11.799a1 1 0 0 1-1.202 0C9.539 20.193 4 14.993 4 10a8 8 0 0 1 16 0"[39m
                [36m/>[39m
                [36m<circle[39m
                  [33mcx[39m=[32m"12"[39m
                  [33mcy[39m=[32m"10"[39m
                  [33mr[39m=[32m"3"[39m
                [36m/>[39m
              [36m</svg>[39m
            [36m</div>[39m
            [36m<div>[39m
              [36m<p[39m
                [33mclass[39m=[32m"text-xs font-medium text-muted-foreground uppercase tracking-wider"[39m
              [36m>[39m
                [0mDirecci├│n[0m
              [36m</p>[39m
              [36m<p[39m
                [33mclass[39m=[32m"text-sm font-semibold"[39m
              [36m>[39m
                [0mCalle Falsa 123, Springfield[0m
              [36m</p>[39m
            [36m</div>[39m
          [36m</div>[39m
        [36m</div>[39m
      [36m</div>[39m
    [36m</div>[39m
  [36m</div>[39m
[36m</body>[39m

 [31mÔØ»[39m tests/ui/PatientProfile.test.tsx [2m([22m[2m4 tests[22m[2m | [22m[31m1 failed[39m[2m)[22m[32m 90[2mms[22m[39m
     [32mÔ£ô[39m renders patient name and email[32m 55[2mms[22m[39m
     [32mÔ£ô[39m displays correct blood type badge[32m 6[2mms[22m[39m
[31m     [31m├ù[31m formats the date of birth correctly[39m[32m 16[2mms[22m[39m
     [32mÔ£ô[39m shows default text when phone or address are missing[32m 10[2mms[22m[39m
node.exe : 
En C:\nvm4w\nodejs\npx.ps1: 29 
Carácter: 3
+   & $NODE_EXE $NPX_CLI_JS $args
+   ~~~~~~~~~~~~~~~~~~~~~~~~~~~~~
    + CategoryInfo          : Not 
   Specified: (:String) [], Remo  
  teException
    + FullyQualifiedErrorId : Nat 
   iveCommandError
 
[31mÔÄ»ÔÄ»ÔÄ»ÔÄ»ÔÄ»ÔÄ»ÔÄ»[39m[1
m[41m Failed Tests 1 [49m[22m[
31mÔÄ»ÔÄ»ÔÄ»ÔÄ»ÔÄ»ÔÄ»ÔÄ»[39m

[41m[1m FAIL [22m[49m tests/ui
/PatientProfile.test.tsx[2m > 
[22mPatientProfile[2m > 
[22mformats the date of birth 
correctly
[31m[1mTestingLibraryElementErro
r[22m[39m: Found multiple 
elements with the text: /1/i

Here are the matching elements:

Ignored nodes: comments, script, 
style
[36m<p[39m
  [33mclass[39m=[32m"text-sm 
font-semibold"[39m
[36m>[39m
  [0m123456789[0m
[36m</p>[39m

Ignored nodes: comments, script, 
style
[36m<p[39m
  [33mclass[39m=[32m"text-sm 
font-semibold"[39m
[36m>[39m
  [0m1 de enero de 1990[0m
[36m</p>[39m

Ignored nodes: comments, script, 
style
[36m<p[39m
  [33mclass[39m=[32m"text-sm 
font-semibold"[39m
[36m>[39m
  [0mCalle Falsa 123, 
Springfield[0m
[36m</p>[39m

(If this is intentional, then use 
the `*AllBy*` variant of the 
query (like `queryAllByText`, 
`getAllByText`, or 
`findAllByText`)).

Ignored nodes: comments, script, 
style
[36m<body>[39m
  [36m<div>[39m
    [36m<div[39m
      
[33mclass[39m=[32m"bg-card 
text-card-foreground flex 
flex-col gap-6 rounded-xl border 
py-6 h-full border-border/50 
shadow-sm"[39m
      [33mdata-slot[39m=[32m"ca
rd"[39m
    [36m>[39m
      [36m<div[39m
        [33mclass[39m=[32m"@con
tainer/card-header auto-rows-min 
grid-rows-[auto_auto] px-6 has-dat
a-[slot=card-action]:grid-cols-[1f
r_auto] [.border-b]:pb-6 flex 
flex-row items-center gap-4 
pb-2"[39m
        [33mdata-slot[39m=[32m"
card-header"[39m
      [36m>[39m
        [36m<span[39m
          
[33mclass[39m=[32m"relative 
flex size-8 shrink-0 
overflow-hidden rounded-full h-20 
w-20 border-2 
border-primary/10"[39m
          [33mdata-slot[39m=[32
m"avatar"[39m
        [36m>[39m
          [36m<span[39m
            
[33mclass[39m=[32m"flex 
size-full items-center 
justify-center rounded-full 
text-xl bg-primary/5 
text-primary"[39m
            [33mdata-slot[39m=[
32m"avatar-fallback"[39m
          [36m>[39m
            [0mJP[0m
          [36m</span>[39m
        [36m</span>[39m
        [36m<div[39m
          
[33mclass[39m=[32m"flex 
flex-col"[39m
        [36m>[39m
          [36m<div[39m
            [33mclass[39m=[32m"
font-semibold text-2xl"[39m
            [33mdata-slot[39m=[
32m"card-title"[39m
          [36m>[39m
            [0mJuan P├®rez[0m
          [36m</div>[39m
          [36m<div[39m
            [33mclass[39m=[32m"
text-muted-foreground text-sm 
flex gap-2 mt-1"[39m
            [33mdata-slot[39m=[
32m"card-description"[39m
          [36m>[39m
            [36m<span[39m
              
[33mclass[39m=[32m"inline-flex 
items-center justify-center 
rounded-full border px-2 py-0.5 
text-xs w-fit whitespace-nowrap 
shrink-0 [&>svg]:size-3 gap-1 
[&>svg]:pointer-events-none 
focus-visible:border-ring 
focus-visible:ring-ring/50 
focus-visible:ring-[3px] 
aria-invalid:ring-destructive/20 d
ark:aria-invalid:ring-destructive/
40 
aria-invalid:border-destructive 
transition-[color,box-shadow] 
overflow-hidden 
border-transparent bg-secondary 
text-secondary-foreground 
[a&]:hover:bg-secondary/90 
font-normal"[39m
              [33mdata-slot[39m=
[32m"badge"[39m
            [36m>[39m
              [0mPaciente[0m
            [36m</span>[39m
            [36m<span[39m
              [33mclass[39m=[32
m"justify-center rounded-full 
border px-2 py-0.5 text-xs w-fit 
whitespace-nowrap shrink-0 
[&>svg]:size-3 
[&>svg]:pointer-events-none 
focus-visible:border-ring 
focus-visible:ring-ring/50 
focus-visible:ring-[3px] 
aria-invalid:ring-destructive/20 d
ark:aria-invalid:ring-destructive/
40 
aria-invalid:border-destructive 
transition-[color,box-shadow] 
overflow-hidden text-foreground 
[a&]:hover:bg-accent 
[a&]:hover:text-accent-foreground 
flex gap-1 items-center 
font-normal"[39m
              [33mdata-slot[39m=
[32m"badge"[39m
            [36m>[39m
              [36m<svg[39m
                [33maria-hidden[
39m=[32m"true"[39m
                
[33mclass[39m=[32m"lucide 
lucide-droplets w-3 h-3 
text-red-500"[39m
                
[33mfill[39m=[32m"none"[39m
                
[33mheight[39m=[32m"24"[39m
                [33mstroke[39m=
[32m"currentColor"[39m
                [33mstroke-lineca
p[39m=[32m"round"[39m
                [33mstroke-linejo
in[39m=[32m"round"[39m
                [33mstroke-width
[39m=[32m"2"[39m
                
[33mviewBox[39m=[32m"0 0 24 
24"[39m
                
[33mwidth[39m=[32m"24"[39m
                [33mxmlns[39m=[
32m"http://www.w3.org/2000/svg"[3
9m
              [36m>[39m
                [36m<path[39m
                  
[33md[39m=[32m"M7 16.3c2.2 0 
4-1.83 4-4.05 
0-1.16-.57-2.26-1.71-3.19S7.29 
6.75 7 5.3c-.29 1.45-1.14 
2.84-2.29 3.76S3 11.1 3 12.25c0 
2.22 1.8 4.05 4 4.05z"[39m
                [36m/>[39m
                [36m<path[39m
                  
[33md[39m=[32m"M12.56 
6.6A10.97 10.97 0 0 0 14 3.02c.5 
2.5 2 4.9 4 6.5s3 3.5 3 5.5a6.98 
6.98 0 0 1-11.91 4.97"[39m
                [36m/>[39m
              [36m</svg>[39m
              [0mO+[0m
            [36m</span>[39m
          [36m</div>[39m
        [36m</div>[39m
      [36m</div>[39m
      [36m<div[39m
        
[33mclass[39m=[32m"px-6 
space-y-6 pt-4"[39m
        [33mdata-slot[39m=[32m"
card-content"[39m
      [36m>[39m
        [36m<div[39m
          
[33mclass[39m=[32m"grid 
grid-cols-1 sm:grid-cols-2 
lg:grid-cols-1 gap-4"[39m
        [36m>[39m
          [36m<div[39m
            
[33mclass[39m=[32m"flex 
items-start gap-3 group"[39m
          [36m>[39m
            [36m<div[39m
              
[33mclass[39m=[32m"p-2 
rounded-md bg-muted 
group-hover:bg-primary/10 
group-hover:text-primary 
transition-colors"[39m
            [36m>[39m
              [36m<svg[39m
                [33maria-hidden[
39m=[32m"true"[39m
                
[33mclass[39m=[32m"lucide 
lucide-mail w-4 h-4"[39m
                
[33mfill[39m=[32m"none"[39m
                
[33mheight[39m=[32m"24"[39m
                [33mstroke[39m=
[32m"currentColor"[39m
                [33mstroke-lineca
p[39m=[32m"round"[39m
                [33mstroke-linejo
in[39m=[32m"round"[39m
                [33mstroke-width
[39m=[32m"2"[39m
                
[33mviewBox[39m=[32m"0 0 24 
24"[39m
                
[33mwidth[39m=[32m"24"[39m
                [33mxmlns[39m=[
32m"http://www.w3.org/2000/svg"[3
9m
              [36m>[39m
                [36m<path[39m
                  
[33md[39m=[32m"m22 7-8.991 
5.727a2 2 0 0 1-2.009 0L2 7"[39m
                [36m/>[39m
                [36m<rect[39m
                  
[33mheight[39m=[32m"16"[39m
                  
[33mrx[39m=[32m"2"[39m
                  
[33mwidth[39m=[32m"20"[39m
                  
[33mx[39m=[32m"2"[39m
                  
[33my[39m=[32m"4"[39m
                [36m/>[39m
              [36m</svg>[39m
            [36m</div>[39m
            [36m<div>[39m
              [36m<p[39m
                
[33mclass[39m=[32m"text-xs 
font-medium text-muted-foreground 
uppercase tracking-wider"[39m
              [36m>[39m
                [0mCorreo[0m
              [36m</p>[39m
              [36m<p[39m
                
[33mclass[39m=[32m"text-sm 
font-semibold"[39m
              [36m>[39m
                
[0mjuan@example.com[0m
              [36m</p>[39m
            [36m</div>[39m
          [36m</div>[39m
          [36m<div[39m
            
[33mclass[39m=[32m"flex 
items-start gap-3 group"[39m
          [36m>[39m
            [36m<div[39m
              
[33mclass[39m=[32m"p-2 
rounded-md bg-muted 
group-hover:bg-primary/10 
group-hover:text-primary 
transition-colors"[39m
            [36m>[39m
              [36m<svg[39m
                [33maria-hidden[
39m=[32m"true"[39m
                
[33mclass[39m=[32m"lucide 
lucide-phone w-4 h-4"[39m
                
[33mfill[39m=[32m"none"[39m
                
[33mheight[39m=[32m"24"[39m
                [33mstroke[39m=
[32m"currentColor"[39m
                [33mstroke-lineca
p[39m=[32m"round"[39m
                [33mstroke-linejo
in[39m=[32m"round"[39m
                [33mstroke-width
[39m=[32m"2"[39m
                
[33mviewBox[39m=[32m"0 0 24 
24"[39m
                
[33mwidth[39m=[32m"24"[39m
                [33mxmlns[39m=[
32m"http://www.w3.org/2000/svg"[3
9m
              [36m>[39m
                [36m<path[39m
                  
[33md[39m=[32m"M13.832 
16.568a1 1 0 0 0 
1.213-.303l.355-.465A2 2 0 0 1 17 
15h3a2 2 0 0 1 2 2v3a2 2 0 0 1-2 
2A18 18 0 0 1 2 4a2 2 0 0 1 
2-2h3a2 2 0 0 1 2 2v3a2 2 0 0 
1-.8 1.6l-.468.351a1 1 0 0 0-.292 
1.233 14 14 0 0 0 6.392 
6.384"[39m
                [36m/>[39m
              [36m</svg>[39m
            [36m</div>[39m
            [36m<div>[39m
              [36m<p[39m
                
[33mclass[39m=[32m"text-xs 
font-medium text-muted-foreground 
uppercase tracking-wider"[39m
              [36m>[39m
                [0mTel├®fono[0m
              [36m</p>[39m
              [36m<p[39m
                
[33mclass[39m=[32m"text-sm 
font-semibold"[39m
              [36m>[39m
                [0m123456789[0m
              [36m</p>[39m
            [36m</div>[39m
          [36m</div>[39m
          [36m<div[39m
            
[33mclass[39m=[32m"flex 
items-start gap-3 group"[39m
          [36m>[39m

[2m Test Files [22m [1m[31m1 failed[39m[22m[90m (1)[39m
[2m      Tests [22m [1m[31m1 failed[39m[22m[2m | [22m[1m[32m3 passed[39m[22m[90m (4)[39m
[2m   Start at [22m 22:17:33
[2m   Duration [22m 1.69s[2m (transform 104ms, setup 124ms, import 406ms, tests 90ms, environment 869ms)[22m

            [36m<div[39m
              
[33mclass[39m=[32m"p-2 
rounded-md bg-muted 
group-hover:bg-primary/10 
group-hover:text-primary 
transition-colors"[39m
            [36m>[39m
              [36m<svg[39m
                [33maria-hidden[
39m=[32m"true"[39m
                
[33mclass[39m=[32m"lucide 
lucide-calendar w-4 h-4"[39m
                
[33mfill[39m=[32m"none"[39m
                
[33mheight[39m=[32m"24"[39m
                [33mstroke[39m=
[32m"currentColor"[39m
                [33mstroke-lineca
p[39m=[32m"round"[39m
                [33mstroke-linejo
in[39m=[32m"round"[39m
                [33mstroke-width
[39m=[32m"2"[39m
                
[33mviewBox[39m=[32m"0 0 24 
24"[39m
                
[33mwidth[39m=[32m"24"[39m
                [33mxmlns[39m=[
32m"http://www.w3.org/2000/svg"[3
9m
              [36m>[39m
                [36m<path[39m
                  
[33md[39m=[32m"M8 2v4"[39m
                [36m/>[39m
                [36m<path[39m
                  
[33md[39m=[32m"M16 2v4"[39m
                [36m/>[39m
                [36m<rect[39m
                  
[33mheight[39m=[32m"18"[39m
                  
[33mrx[39m=[32m"2"[39m
                  
[33mwidth[39m=[32m"18"[39m
                  
[33mx[39m=[32m"3"[39m
                  
[33my[39m=[32m"4"[39m
                [36m/>[39m
                [36m<path[39m
                  
[33md[39m=[32m"M3 10h18"[39m
                [36m/>[39m
              [36m</svg>[39m
            [36m</div>[39m
            [36m<div>[39m
              [36m<p[39m
                
[33mclass[39m=[32m"text-xs 
font-medium text-muted-foreground 
uppercase tracking-wider"[39m
              [36m>[39m
                [0mFecha de 
Nacimiento[0m
              [36m</p>[39m
              [36m<p[39m
                
[33mclass[39m=[32m"text-sm 
font-semibold"[39m
              [36m>[39m
                [0m1 de enero de 
1990[0m
              [36m</p>[39m
            [36m</div>[39m
          [36m</div>[39m
          [36m<div[39m
            
[33mclass[39m=[32m"flex 
items-start gap-3 group"[39m
          [36m>[39m
            [36m<div[39m
              
[33mclass[39m=[32m"p-2 
rounded-md bg-muted 
group-hover:bg-primary/10 
group-hover:text-primary 
transition-colors"[39m
            [36m>[39m
              [36m<svg[39m
                [33maria-hidden[
39m=[32m"true"[39m
                
[33mclass[39m=[32m"lucide 
lucide-map-pin w-4 h-4"[39m
                
[33mfill[39m=[32m"none"[39m
                
[33mheight[39m=[32m"24"[39m
                [33mstroke[39m=
[32m"currentColor"[39m
                [33mstroke-lineca
p[39m=[32m"round"[39m
                [33mstroke-linejo
in[39m=[32m"round"[39m
                [33mstroke-width
[39m=[32m"2"[39m
                
[33mviewBox[39m=[32m"0 0 24 
24"[39m
                
[33mwidth[39m=[32m"24"[39m
                [33mxmlns[39m=[
32m"http://www.w3.org/2000/svg"[3
9m
              [36m>[39m
                [36m<path[39m
                  
[33md[39m=[32m"M20 10c0 
4.993-5.539 10.193-7.399 11.799a1 
1 0 0 1-1.202 0C9.539 20.193 4 
14.993 4 10a8 8 0 0 1 16 0"[39m
                [36m/>[39m
                [36m<circle[39m
                  
[33mcx[39m=[32m"12"[39m
                  
[33mcy[39m=[32m"10"[39m
                  
[33mr[39m=[32m"3"[39m
                [36m/>[39m
              [36m</svg>[39m
            [36m</div>[39m
            [36m<div>[39m
              [36m<p[39m
                
[33mclass[39m=[32m"text-xs 
font-medium text-muted-foreground 
uppercase tracking-wider"[39m
              [36m>[39m
                [0mDirecci├│n[0m
              [36m</p>[39m
              [36m<p[39m
                
[33mclass[39m=[32m"text-sm 
font-semibold"[39m
              [36m>[39m
                [0mCalle Falsa 
123, Springfield[0m
              [36m</p>[39m
            [36m</div>[39m
          [36m</div>[39m
        [36m</div>[39m
      [36m</div>[39m
    [36m</div>[39m
  [36m</div>[39m
[36m</body>[39m
[90m [2mÔØ»[22m 
Object.getElementError node_module
s/@testing-library/dom/dist/config
.js:[2m37:19[22m[39m
[90m [2mÔØ»[22m 
getElementError node_modules/@test
ing-library/dom/dist/query-helpers
.js:[2m20:35[22m[39m
[90m [2mÔØ»[22m 
getMultipleElementsFoundError node
_modules/@testing-library/dom/dist
/query-helpers.js:[2m23:10[22m[
39m
[90m [2mÔØ»[22m node_modules/@t
esting-library/dom/dist/query-help
ers.js:[2m55:13[22m[39m
[90m [2mÔØ»[22m node_modules/@t
esting-library/dom/dist/query-help
ers.js:[2m95:19[22m[39m
[36m [2mÔØ»[22m tests/ui/Patien
tProfile.test.tsx:[2m60:19[22m[
39m
    [90m 58| [39m    
screen[33m.[39m[34mdebug[39m()
    [90m 59| [39m    // Check 
for "1", "enero", and "1990" to 
be flexible with formattiÔÇª
    [90m 60| [39m    [34mexpect
[39m(screen[33m.[39m[34mgetByT
ext[39m([36m/1/i[39m))[33m.[3
9m[34mtoBeInTheDocument[39m()
    [90m   | [39m               
   [31m^[39m
    [90m 61| [39m    [34mexpect
[39m(screen[33m.[39m[34mgetByT
ext[39m([36m/enero/i[39m))[33m
.[39m[34mtoBeInTheDocument[39m(
)
    [90m 62| [39m    [34mexpect
[39m(screen[33m.[39m[34mgetByT
ext[39m([36m/1990/i[39m))[33m.
[39m[34mtoBeInTheDocument[39m()

[31m[2mÔÄ»ÔÄ»ÔÄ»ÔÄ»ÔÄ»ÔÄ»ÔÄ»ÔÄ»Ô
Ä»ÔÄ»ÔÄ»ÔÄ»ÔÄ»ÔÄ»ÔÄ»ÔÄ»ÔÄ»ÔÄ»ÔÄ»ÔÄ
»ÔÄ»ÔÄ»ÔÄ»ÔÄ»[1/1]ÔÄ»[22m[39m

